idx=  0 | item 0x11: NONE | item 0x22: NONE | reserved=0x0000 | WARMUP   |   17042.4 us
idx=  1 | item 0x11: NONE | item 0x22: NONE | reserved=0x0000 | WARMUP   |   16926.3 us
idx=  2 | item 0x11: NONE | item 0x22: NONE | reserved=0x0000 | WARMUP   |   16747.3 us
idx=  3 | item 0x11: NONE | item 0x22: NONE | reserved=0x0000 | WARMUP   |   16465.8 us
idx=  4 | item 0x11: NONE | item 0x22: NONE | reserved=0x0000 | WARMUP   |   16781.0 us
idx=  5 | item 0x11: NONE | item 0x22: NONE | reserved=0x0000 | WARMUP   |   17065.0 us
idx=  6 | item 0x11: NONE | item 0x22: NONE | reserved=0x0000 | WARMUP   |   17592.9 us
idx=  7 | item 0x11: NONE | item 0x22: NONE | reserved=0x0000 | WARMUP   |   15724.0 us
idx=  8 | item 0x11: NONE | item 0x22: NONE | reserved=0x0000 | WARMUP   |   16761.8 us
idx=  9 | item 0x11: NONE | item 0x22: NONE | reserved=0x0000 | WARMUP   |   14847.5 us
idx= 10 | item 0x11: NONE | item 0x22: NONE | reserved=0x0000 | WARMUP   |   16894.2 us
idx= 11 | item 0x11: NONE | item 0x22: NONE | reserved=0x0000 | WARMUP   |   16698.7 us
idx= 12 | item 0x11: NONE | item 0x22: NONE | reserved=0x0000 | WARMUP   |   17239.8 us
idx= 13 | item 0x11: NONE | item 0x22: NONE | reserved=0x0000 | WARMUP   |   16617.1 us
idx= 14 | item 0x11: NONE | item 0x22: NONE | reserved=0x0000 | WARMUP   |   17403.8 us
idx= 15 | item 0x11: NONE | item 0x22: NONE | reserved=0x0000 | WARMUP   |   16228.2 us
idx= 16 | item 0x22: SELL | item 0x11: BUY  | reserved=0x0000 | OK       |   16896.7 us
idx= 17 | item 0x11: BUY  | item 0x22: SELL | reserved=0x0000 | OK       |   24688.1 us
idx= 18 | item 0x11: BUY  | item 0x22: SELL | reserved=0x0000 | OK       |    9060.4 us
idx= 19 | item 0x22: BUY  | item 0x11: SELL | reserved=0x0000 | OK       |   16798.5 us
idx= 20 | item 0x22: BUY  | item 0x11: SELL | reserved=0x0000 | OK       |   16851.5 us

PASS
