idx=  0 | item 0x11: NONE | item 0x22: NONE | reserved=0x0000 | WARMUP   |   18246.2 us
idx=  1 | item 0x11: NONE | item 0x22: NONE | reserved=0x0000 | WARMUP   |   16419.7 us
idx=  2 | item 0x11: NONE | item 0x22: NONE | reserved=0x0000 | WARMUP   |   16584.2 us
idx=  3 | item 0x11: NONE | item 0x22: NONE | reserved=0x0000 | WARMUP   |   16923.4 us
idx=  4 | item 0x11: NONE | item 0x22: NONE | reserved=0x0000 | WARMUP   |   16747.8 us
idx=  5 | item 0x11: NONE | item 0x22: NONE | reserved=0x0000 | WARMUP   |   16747.3 us
idx=  6 | item 0x11: NONE | item 0x22: NONE | reserved=0x0000 | WARMUP   |   16879.8 us
idx=  7 | item 0x11: NONE | item 0x22: NONE | reserved=0x0000 | WARMUP   |   16751.2 us
idx=  8 | item 0x11: NONE | item 0x22: NONE | reserved=0x0000 | WARMUP   |   16398.1 us
idx=  9 | item 0x11: NONE | item 0x22: NONE | reserved=0x0000 | WARMUP   |   18881.7 us
idx= 10 | item 0x11: NONE | item 0x22: NONE | reserved=0x0000 | WARMUP   |   16973.7 us
idx= 11 | item 0x11: NONE | item 0x22: NONE | reserved=0x0000 | WARMUP   |   16823.8 us
idx= 12 | item 0x11: NONE | item 0x22: NONE | reserved=0x0000 | WARMUP   |   17240.7 us
idx= 13 | item 0x11: NONE | item 0x22: NONE | reserved=0x0000 | WARMUP   |   16285.4 us
idx= 14 | item 0x11: NONE | item 0x22: NONE | reserved=0x0000 | WARMUP   |   17018.0 us
idx= 15 | item 0x11: NONE | item 0x22: NONE | reserved=0x0000 | WARMUP   |   12023.2 us
idx= 16 | item 0x22: SELL | item 0x11: BUY  | reserved=0x0000 | OK       |   16980.3 us
idx= 17 | item 0x11: BUY  | item 0x22: SELL | reserved=0x0000 | OK       |   16636.0 us
idx= 18 | item 0x11: BUY  | item 0x22: SELL | reserved=0x0000 | OK       |   15680.0 us
idx= 19 | item 0x22: BUY  | item 0x11: SELL | reserved=0x0000 | OK       |   17462.3 us
idx= 20 | item 0x22: BUY  | item 0x11: SELL | reserved=0x0000 | OK       |   14734.9 us

PASS
