idx=  0 | item 0x11: NONE | item 0x22: NONE | reserved=0x0000 | WARMUP   |   17382.6 us
idx=  1 | item 0x11: NONE | item 0x22: NONE | reserved=0x0000 | WARMUP   |   16354.7 us
idx=  2 | item 0x11: NONE | item 0x22: NONE | reserved=0x0000 | WARMUP   |   16978.8 us
idx=  3 | item 0x11: NONE | item 0x22: NONE | reserved=0x0000 | WARMUP   |   16312.7 us
idx=  4 | item 0x11: NONE | item 0x22: NONE | reserved=0x0000 | WARMUP   |   17147.2 us
idx=  5 | item 0x11: NONE | item 0x22: NONE | reserved=0x0000 | WARMUP   |   16260.3 us
idx=  6 | item 0x11: NONE | item 0x22: NONE | reserved=0x0000 | WARMUP   |   16823.5 us
idx=  7 | item 0x11: NONE | item 0x22: NONE | reserved=0x0000 | WARMUP   |   17230.9 us
idx=  8 | item 0x11: NONE | item 0x22: NONE | reserved=0x0000 | WARMUP   |   16165.3 us
idx=  9 | item 0x11: NONE | item 0x22: NONE | reserved=0x0000 | WARMUP   |    2259.1 us
idx= 10 | item 0x11: NONE | item 0x22: NONE | reserved=0x0000 | WARMUP   |   17453.1 us
idx= 11 | item 0x11: NONE | item 0x22: NONE | reserved=0x0000 | WARMUP   |   16292.0 us
idx= 12 | item 0x11: NONE | item 0x22: NONE | reserved=0x0000 | WARMUP   |   16684.1 us
idx= 13 | item 0x11: NONE | item 0x22: NONE | reserved=0x0000 | WARMUP   |   16614.6 us
idx= 14 | item 0x11: NONE | item 0x22: NONE | reserved=0x0000 | WARMUP   |   17397.0 us
idx= 15 | item 0x11: NONE | item 0x22: NONE | reserved=0x0000 | WARMUP   |   18206.6 us
idx= 16 | item 0x22: SELL | item 0x11: BUY  | reserved=0x0000 | OK       |   30091.5 us
idx= 17 | item 0x11: BUY  | item 0x22: SELL | reserved=0x0000 | OK       |   18586.5 us
idx= 18 | item 0x11: BUY  | item 0x22: SELL | reserved=0x0000 | OK       |   16976.3 us
idx= 19 | item 0x22: BUY  | item 0x11: SELL | reserved=0x0000 | OK       |   16892.5 us
idx= 20 | item 0x22: BUY  | item 0x11: SELL | reserved=0x0000 | OK       |   16818.7 us

PASS
